GDTEST_PARSER_ERROR
Expected "=" after immutable "let" declaration. The value must be set here.
